// Jest Snapshot v1, https://goo.gl/fbAQLP

exports[`Dashboard should render the dashboard 1`] = `
<div>
  <div
    class="space-y-6 pt-8 sm:space-y-5 sm:pt-10"
  >
    <canvas
      height="0"
      role="img"
      style="display: block; box-sizing: border-box; height: 0px; width: 0px;"
      width="0"
    />
  </div>
</div>
`;
